raw=(0,0) -> screen=(0,0)
raw=(69,283) -> screen=(103,188)
raw=(59,324) -> screen=(88,215)
raw=(192,330) -> screen=(288,219)
raw=(216,301) -> screen=(324,200)
raw=(190,292) -> screen=(285,194)
raw=(191,295) -> screen=(286,196)
raw=(43,169) -> screen=(64,112)
raw=(47,177) -> screen=(70,117)
raw=(48,165) -> screen=(72,109)
raw=(43,160) -> screen=(64,106)
raw=(29,168) -> screen=(43,111)
raw=(44,296) -> screen=(66,197)
raw=(62,340) -> screen=(93,226)
raw=(25,180) -> screen=(37,119)
raw=(36,183) -> screen=(54,121)
raw=(48,160) -> screen=(72,106)
raw=(103,177) -> screen=(154,117)
raw=(262,333) -> screen=(393,221)
raw=(161,298) -> screen=(241,198)
raw=(147,293) -> screen=(220,195)
raw=(313,338) -> screen=(469,225)
raw=(284,336) -> screen=(426,223)
raw=(259,317) -> screen=(388,211)
raw=(239,304) -> screen=(358,202)
raw=(176,281) -> screen=(264,187)
raw=(139,278) -> screen=(208,185)
raw=(97,286) -> screen=(145,190)
raw=(128,204) -> screen=(192,135)
raw=(104,212) -> screen=(156,141)
raw=(100,210) -> screen=(150,139)
raw=(172,335) -> screen=(258,223)
raw=(149,325) -> screen=(223,216)
raw=(94,283) -> screen=(141,188)
raw=(55,256) -> screen=(82,170)
raw=(36,161) -> screen=(54,107)
raw=(38,192) -> screen=(57,127)
raw=(16,180) -> screen=(24,119)
raw=(94,160) -> screen=(141,106)
raw=(101,160) -> screen=(151,106)
raw=(228,160) -> screen=(342,106)
raw=(425,200) -> screen=(479,133)
raw=(473,167) -> screen=(479,111)
raw=(429,204) -> screen=(479,135)
raw=(412,185) -> screen=(479,123)
raw=(415,190) -> screen=(479,126)
raw=(379,204) -> screen=(479,135)
raw=(323,205) -> screen=(479,136)
raw=(262,214) -> screen=(393,142)
raw=(206,224) -> screen=(309,149)
raw=(0,239) -> screen=(0,159)
raw=(61,177) -> screen=(91,117)
raw=(39,190) -> screen=(58,126)
raw=(39,185) -> screen=(58,123)
raw=(40,160) -> screen=(60,106)
raw=(43,160) -> screen=(64,106)
raw=(59,160) -> screen=(88,106)
raw=(76,160) -> screen=(114,106)
raw=(74,160) -> screen=(111,106)
raw=(436,440) -> screen=(479,293)
raw=(402,353) -> screen=(479,235)
raw=(409,357) -> screen=(479,237)
raw=(342,391) -> screen=(479,260)
raw=(180,385) -> screen=(270,256)
raw=(100,424) -> screen=(150,282)
raw=(119,409) -> screen=(178,272)
raw=(92,448) -> screen=(138,298)
raw=(50,441) -> screen=(75,293)
raw=(29,467) -> screen=(43,311)
raw=(6,470) -> screen=(9,313)
raw=(66,394) -> screen=(99,262)
raw=(53,356) -> screen=(79,237)
raw=(76,346) -> screen=(114,230)
raw=(289,292) -> screen=(433,194)
raw=(394,334) -> screen=(479,222)
raw=(80,335) -> screen=(120,223)
raw=(292,337) -> screen=(438,224)
raw=(55,317) -> screen=(82,211)
raw=(53,340) -> screen=(79,226)
raw=(59,342) -> screen=(88,227)
raw=(53,330) -> screen=(79,219)
raw=(33,330) -> screen=(49,219)
raw=(17,351) -> screen=(25,233)
raw=(95,310) -> screen=(142,206)
raw=(317,319) -> screen=(475,212)
raw=(381,340) -> screen=(479,226)
raw=(384,332) -> screen=(479,221)
raw=(162,310) -> screen=(243,206)
raw=(103,288) -> screen=(154,191)
raw=(102,207) -> screen=(153,137)
raw=(60,208) -> screen=(90,138)
raw=(46,216) -> screen=(69,143)
raw=(78,205) -> screen=(117,136)
raw=(103,207) -> screen=(154,137)
raw=(448,371) -> screen=(479,247)
raw=(194,250) -> screen=(291,166)
raw=(94,226) -> screen=(141,150)
raw=(58,205) -> screen=(87,136)
raw=(48,204) -> screen=(72,135)
raw=(35,215) -> screen=(52,143)
raw=(0,0) -> screen=(0,0)
raw=(162,310) -> screen=(243,206)
raw=(163,313) -> screen=(244,208)
raw=(277,297) -> screen=(415,197)
raw=(290,312) -> screen=(435,207)
raw=(329,314) -> screen=(479,209)
raw=(182,304) -> screen=(273,202)
raw=(155,320) -> screen=(232,213)
raw=(119,252) -> screen=(178,167)
raw=(260,288) -> screen=(390,191)
raw=(0,0) -> screen=(0,0)
raw=(173,336) -> screen=(259,223)
raw=(147,349) -> screen=(220,232)
raw=(194,327) -> screen=(291,217)
raw=(183,318) -> screen=(274,211)
raw=(174,301) -> screen=(261,200)
raw=(156,283) -> screen=(234,188)
raw=(146,266) -> screen=(219,177)
raw=(141,247) -> screen=(211,164)
raw=(49,246) -> screen=(73,163)
raw=(41,167) -> screen=(61,111)
raw=(71,160) -> screen=(106,106)
raw=(39,160) -> screen=(58,106)
raw=(65,160) -> screen=(97,106)
raw=(46,160) -> screen=(69,106)
raw=(59,160) -> screen=(88,106)
raw=(55,199) -> screen=(82,132)
raw=(49,171) -> screen=(73,113)
raw=(40,160) -> screen=(60,106)
raw=(43,240) -> screen=(64,159)
raw=(0,0) -> screen=(0,0)
raw=(249,342) -> screen=(373,227)
raw=(310,382) -> screen=(465,254)
raw=(271,328) -> screen=(406,218)
raw=(269,322) -> screen=(403,214)
raw=(253,340) -> screen=(379,226)
raw=(243,329) -> screen=(364,219)
raw=(229,319) -> screen=(343,212)
raw=(154,255) -> screen=(231,169)
raw=(165,244) -> screen=(247,162)
raw=(0,0) -> screen=(0,0)
raw=(230,334) -> screen=(345,222)
raw=(293,401) -> screen=(439,267)
raw=(159,383) -> screen=(238,255)
raw=(250,329) -> screen=(375,219)
raw=(232,335) -> screen=(348,223)
raw=(233,310) -> screen=(349,206)
raw=(194,324) -> screen=(291,215)
raw=(196,300) -> screen=(294,199)
raw=(199,234) -> screen=(298,155)
raw=(148,187) -> screen=(222,124)
raw=(64,203) -> screen=(96,135)
raw=(2,218) -> screen=(3,145)
raw=(4,201) -> screen=(6,133)
raw=(5,196) -> screen=(7,130)
raw=(31,160) -> screen=(46,106)
raw=(119,172) -> screen=(178,114)
raw=(169,176) -> screen=(253,117)
raw=(184,160) -> screen=(276,106)
raw=(144,160) -> screen=(216,106)
raw=(74,166) -> screen=(111,110)
raw=(56,160) -> screen=(84,106)
raw=(90,160) -> screen=(135,106)
raw=(286,321) -> screen=(429,213)
raw=(304,336) -> screen=(456,223)
raw=(331,325) -> screen=(479,216)
raw=(193,279) -> screen=(289,185)
raw=(246,305) -> screen=(369,203)
raw=(303,341) -> screen=(454,227)
raw=(292,352) -> screen=(438,234)
raw=(197,291) -> screen=(295,193)
raw=(225,305) -> screen=(337,203)
raw=(231,296) -> screen=(346,197)
raw=(216,306) -> screen=(324,203)
raw=(194,317) -> screen=(291,211)
raw=(190,311) -> screen=(285,207)
raw=(171,305) -> screen=(256,203)
raw=(131,261) -> screen=(196,173)
raw=(95,233) -> screen=(142,155)
raw=(87,222) -> screen=(130,147)
raw=(112,245) -> screen=(168,163)
raw=(181,257) -> screen=(271,171)
raw=(256,268) -> screen=(384,178)
raw=(74,164) -> screen=(111,109)
raw=(92,180) -> screen=(138,119)
raw=(97,182) -> screen=(145,121)
raw=(98,160) -> screen=(147,106)
raw=(85,178) -> screen=(127,118)
raw=(134,210) -> screen=(201,139)
raw=(45,183) -> screen=(67,121)
raw=(4,160) -> screen=(6,106)
raw=(244,308) -> screen=(366,205)
raw=(181,263) -> screen=(271,175)
raw=(305,244) -> screen=(457,162)
raw=(337,185) -> screen=(479,123)
raw=(356,183) -> screen=(479,121)
raw=(384,171) -> screen=(479,113)
raw=(394,160) -> screen=(479,106)
raw=(440,219) -> screen=(479,145)
raw=(375,303) -> screen=(479,201)
raw=(382,322) -> screen=(479,214)
raw=(391,363) -> screen=(479,241)
raw=(379,387) -> screen=(479,257)
raw=(313,321) -> screen=(469,213)
raw=(167,234) -> screen=(250,155)
raw=(105,179) -> screen=(157,119)
raw=(94,179) -> screen=(141,119)
raw=(87,161) -> screen=(130,107)
raw=(51,162) -> screen=(76,107)
raw=(130,378) -> screen=(195,251)
raw=(68,418) -> screen=(102,278)
raw=(48,435) -> screen=(72,289)
raw=(37,457) -> screen=(55,304)
raw=(32,464) -> screen=(48,309)
raw=(11,479) -> screen=(16,319)
raw=(4,475) -> screen=(6,316)
raw=(2,479) -> screen=(3,319)
raw=(202,330) -> screen=(303,219)
raw=(244,320) -> screen=(366,213)
raw=(350,250) -> screen=(479,166)
raw=(398,203) -> screen=(479,135)
raw=(0,0) -> screen=(0,0)
raw=(114,322) -> screen=(171,214)
raw=(90,299) -> screen=(135,199)
raw=(0,0) -> screen=(0,0)
raw=(213,333) -> screen=(319,221)
raw=(147,363) -> screen=(220,241)
raw=(273,380) -> screen=(409,253)
raw=(201,309) -> screen=(301,205)
raw=(147,286) -> screen=(220,190)
raw=(0,0) -> screen=(0,0)
raw=(205,322) -> screen=(307,214)
raw=(157,316) -> screen=(235,210)
raw=(240,342) -> screen=(360,227)
raw=(199,308) -> screen=(298,205)
raw=(199,301) -> screen=(298,200)
raw=(0,0) -> screen=(0,0)
raw=(120,335) -> screen=(180,223)
raw=(140,317) -> screen=(210,211)
raw=(180,318) -> screen=(270,211)
raw=(175,287) -> screen=(262,191)
raw=(151,221) -> screen=(226,147)
raw=(189,338) -> screen=(283,225)
raw=(355,363) -> screen=(479,241)
raw=(364,247) -> screen=(479,164)
raw=(205,311) -> screen=(307,207)
raw=(132,358) -> screen=(198,238)
raw=(43,201) -> screen=(64,133)
raw=(40,166) -> screen=(60,110)
raw=(4,161) -> screen=(6,107)
raw=(4,161) -> screen=(6,107)
raw=(12,164) -> screen=(18,109)
raw=(31,189) -> screen=(46,125)
raw=(48,189) -> screen=(72,125)
raw=(35,185) -> screen=(52,123)
raw=(46,184) -> screen=(69,122)
raw=(44,175) -> screen=(66,116)
raw=(43,173) -> screen=(64,115)
raw=(41,169) -> screen=(61,112)
raw=(44,171) -> screen=(66,113)
raw=(43,170) -> screen=(64,113)
raw=(41,172) -> screen=(61,114)
raw=(39,178) -> screen=(58,118)
raw=(43,179) -> screen=(64,119)
raw=(97,188) -> screen=(145,125)
raw=(248,293) -> screen=(372,195)
raw=(270,321) -> screen=(405,213)
raw=(282,346) -> screen=(423,230)
raw=(319,354) -> screen=(479,235)
raw=(185,407) -> screen=(277,271)
raw=(115,435) -> screen=(172,289)
raw=(5,433) -> screen=(7,288)
raw=(55,301) -> screen=(82,200)
raw=(250,313) -> screen=(375,208)
raw=(374,399) -> screen=(479,265)
raw=(179,296) -> screen=(268,197)
raw=(361,405) -> screen=(479,269)
raw=(280,240) -> screen=(420,159)
raw=(188,364) -> screen=(282,242)
raw=(189,411) -> screen=(283,273)
raw=(268,405) -> screen=(402,269)
raw=(301,292) -> screen=(451,194)
raw=(396,284) -> screen=(479,189)
raw=(300,224) -> screen=(450,149)
raw=(105,324) -> screen=(157,215)
raw=(85,363) -> screen=(127,241)
raw=(245,261) -> screen=(367,173)
raw=(290,298) -> screen=(435,198)
raw=(260,264) -> screen=(390,175)
raw=(276,275) -> screen=(414,183)
raw=(268,261) -> screen=(402,173)
raw=(274,271) -> screen=(411,180)
raw=(270,271) -> screen=(405,180)
raw=(271,270) -> screen=(406,179)
raw=(264,271) -> screen=(396,180)
raw=(269,276) -> screen=(403,183)
raw=(269,275) -> screen=(403,183)
raw=(268,276) -> screen=(402,183)
raw=(270,277) -> screen=(405,184)
raw=(61,203) -> screen=(91,135)
raw=(65,214) -> screen=(97,142)
raw=(56,204) -> screen=(84,135)
raw=(43,162) -> screen=(64,107)
raw=(29,203) -> screen=(43,135)
raw=(27,160) -> screen=(40,106)
raw=(26,163) -> screen=(39,108)
raw=(38,163) -> screen=(57,108)
raw=(0,0) -> screen=(0,0)
raw=(336,313) -> screen=(313,319)
raw=(45,399) -> screen=(399,44)
raw=(78,267) -> screen=(267,78)
raw=(90,340) -> screen=(340,89)
raw=(305,329) -> screen=(329,305)
raw=(296,314) -> screen=(314,296)
raw=(303,338) -> screen=(338,303)
raw=(278,345) -> screen=(345,278)
raw=(302,329) -> screen=(329,302)
raw=(225,210) -> screen=(210,225)
raw=(176,177) -> screen=(177,176)
raw=(29,170) -> screen=(170,29)
raw=(104,176) -> screen=(176,104)
raw=(40,189) -> screen=(189,39)
raw=(9,179) -> screen=(179,9)
raw=(10,169) -> screen=(169,9)
raw=(3,181) -> screen=(181,3)
raw=(2,188) -> screen=(188,2)
raw=(2,201) -> screen=(201,2)
raw=(2,233) -> screen=(233,2)
raw=(2,229) -> screen=(229,2)
raw=(46,187) -> screen=(187,46)
raw=(0,0) -> screen=(0,0)
raw=(0,244) -> screen=(0,162)
raw=(130,251) -> screen=(130,167)
raw=(90,253) -> screen=(90,168)
raw=(177,389) -> screen=(177,259)
raw=(187,447) -> screen=(187,297)
raw=(232,479) -> screen=(232,319)
raw=(389,361) -> screen=(389,240)
raw=(389,351) -> screen=(389,233)
raw=(79,307) -> screen=(79,204)
raw=(145,289) -> screen=(145,192)
raw=(80,305) -> screen=(80,203)
raw=(218,456) -> screen=(218,303)
raw=(272,453) -> screen=(272,301)
raw=(121,363) -> screen=(120,241)
raw=(80,322) -> screen=(80,214)
raw=(90,336) -> screen=(90,223)
raw=(175,463) -> screen=(175,308)
raw=(204,423) -> screen=(204,281)
raw=(104,214) -> screen=(104,142)
raw=(102,225) -> screen=(102,149)
raw=(94,225) -> screen=(94,149)
raw=(90,167) -> screen=(90,111)
raw=(81,188) -> screen=(81,125)
raw=(79,178) -> screen=(79,118)
raw=(81,207) -> screen=(81,137)
raw=(76,207) -> screen=(76,137)
raw=(44,195) -> screen=(44,129)
raw=(22,200) -> screen=(22,133)
raw=(11,177) -> screen=(11,117)
raw=(97,212) -> screen=(97,141)
raw=(66,245) -> screen=(66,163)
raw=(308,282) -> screen=(308,187)
raw=(199,437) -> screen=(199,291)
raw=(211,448) -> screen=(211,298)
raw=(116,351) -> screen=(116,233)
raw=(113,349) -> screen=(113,232)
raw=(187,431) -> screen=(187,287)
raw=(199,447) -> screen=(199,297)
raw=(322,355) -> screen=(322,236)
raw=(325,360) -> screen=(325,239)
raw=(241,457) -> screen=(241,304)
raw=(237,447) -> screen=(237,297)
raw=(223,244) -> screen=(223,162)
raw=(188,241) -> screen=(188,160)
raw=(201,458) -> screen=(201,305)
raw=(202,458) -> screen=(202,305)
raw=(240,216) -> screen=(240,143)
raw=(231,217) -> screen=(231,144)
raw=(221,195) -> screen=(221,129)
raw=(215,187) -> screen=(215,124)
raw=(208,200) -> screen=(208,133)
raw=(204,199) -> screen=(204,132)
raw=(198,207) -> screen=(198,137)
raw=(190,208) -> screen=(190,138)
raw=(134,182) -> screen=(134,121)
raw=(123,160) -> screen=(123,106)
raw=(122,160) -> screen=(122,106)
raw=(74,196) -> screen=(74,130)
raw=(15,186) -> screen=(15,123)
raw=(3,185) -> screen=(3,123)
raw=(310,353) -> screen=(310,235)
raw=(311,356) -> screen=(311,237)
raw=(216,436) -> screen=(216,290)
raw=(226,424) -> screen=(226,282)
raw=(94,344) -> screen=(94,229)
raw=(0,0) -> screen=(0,0)
raw=(95,352) -> screen=(95,234)
raw=(84,366) -> screen=(84,243)
raw=(238,436) -> screen=(238,290)
raw=(210,448) -> screen=(210,298)
raw=(328,353) -> screen=(328,235)
raw=(317,364) -> screen=(317,242)
raw=(267,447) -> screen=(267,297)
raw=(251,449) -> screen=(251,299)
raw=(165,361) -> screen=(165,240)
raw=(162,362) -> screen=(162,241)
raw=(270,435) -> screen=(270,289)
raw=(252,441) -> screen=(252,293)
raw=(333,341) -> screen=(333,227)
raw=(366,341) -> screen=(366,227)
raw=(0,0) -> screen=(0,0)
raw=(333,355) -> screen=(333,236)
raw=(362,362) -> screen=(362,241)
raw=(345,350) -> screen=(345,233)
raw=(250,448) -> screen=(250,298)
raw=(250,430) -> screen=(250,286)
raw=(182,359) -> screen=(182,239)
raw=(0,0) -> screen=(0,0)
raw=(99,337) -> screen=(99,224)
raw=(90,351) -> screen=(90,233)
raw=(212,456) -> screen=(212,303)
raw=(210,435) -> screen=(210,289)
raw=(336,337) -> screen=(336,224)
raw=(0,0) -> screen=(0,0)
raw=(92,354) -> screen=(92,235)
raw=(110,357) -> screen=(110,237)
raw=(203,429) -> screen=(203,285)
raw=(192,451) -> screen=(192,300)
raw=(134,329) -> screen=(134,219)
